[2026-03-17 09:45:01] START: Building problems 24-660
[2026-03-17 09:45:01] Loading practice book data...
[2026-03-17 09:45:01]   Total problems in sequence: 660
[2026-03-17 09:45:01] Loading OH mapping...
[2026-03-17 09:45:01]   OH mapping entries: 206
[2026-03-17 09:45:01] Loading OH questions...
[2026-03-17 09:45:01]   OH questions entries: 163
[2026-03-17 09:45:01] Current problem: HVAC-HVAC-19
[2026-03-17 09:45:01] Already completed: 108
[2026-03-17 09:45:01] Starting at index 108: HVAC-HVAC-19
[2026-03-17 09:45:01] ✓ Problem 109 (HVAC-HVAC-19): 23.7 KB, 7 OH sessions
[2026-03-17 09:45:01] ✓ Problem 110 (HVAC-HVAC-20): 26.3 KB, 9 OH sessions
[2026-03-17 09:45:01] ✓ Problem 111 (HVAC-HVAC-21): 26.5 KB, 9 OH sessions
[2026-03-17 09:45:01] ✓ Problem 112 (HVAC-HVAC-22): 17.3 KB, 4 OH sessions
[2026-03-17 09:45:01] ✓ Problem 113 (HVAC-HVAC-23): 17.8 KB, 3 OH sessions
[2026-03-17 09:45:01] ✓ Problem 114 (HVAC-HVAC-24): 13.5 KB, 0 OH sessions
[2026-03-17 09:45:01] ✓ Problem 115 (HVAC-HVAC-25): 30.8 KB, 3 OH sessions
[2026-03-17 09:45:01] ✓ Problem 116 (HVAC-Systems-and-Components-1): 23.5 KB, 7 OH sessions
[2026-03-17 09:45:01] ✓ Problem 117 (HVAC-Systems-and-Components-2): 14.5 KB, 1 OH sessions
[2026-03-17 09:45:01] ✓ Problem 118 (HVAC-Systems-and-Components-3): 18.3 KB, 4 OH sessions
[2026-03-17 09:45:01] ✓ Problem 119 (HVAC-Systems-and-Components-4): 20.8 KB, 5 OH sessions
[2026-03-17 09:45:01] ✓ Problem 120 (HVAC-Systems-and-Components-5): 50.5 KB, 27 OH sessions
[2026-03-17 09:45:01] ✓ Problem 121 (HVAC-Systems-and-Components-6): 18.9 KB, 4 OH sessions
[2026-03-17 09:45:01] ✓ Problem 122 (HVAC-Systems-and-Components-7): 12.5 KB, 0 OH sessions
[2026-03-17 09:45:01] ✓ Problem 123 (HVAC-Systems-and-Components-8): 17.6 KB, 4 OH sessions
[2026-03-17 09:45:01] ✓ Problem 124 (HVAC-Systems-and-Components-9): 17.5 KB, 3 OH sessions
[2026-03-17 09:45:01] ✓ Problem 125 (HVAC-Systems-and-Components-10): 16.6 KB, 2 OH sessions
[2026-03-17 09:45:01] ✓ Problem 126 (HVAC-Systems-and-Components-11): 17.4 KB, 3 OH sessions
[2026-03-17 09:45:01] ✓ Problem 127 (HVAC-Systems-and-Components-12): 24.2 KB, 8 OH sessions
[2026-03-17 09:45:01] ✓ Problem 128 (HVAC-Systems-and-Components-13): 14.3 KB, 1 OH sessions
[2026-03-17 09:45:01] ✓ Problem 129 (HVAC-Systems-and-Components-14): 16.1 KB, 2 OH sessions
[2026-03-17 09:45:01] ✓ Problem 130 (HVAC-Systems-and-Components-15): 13.4 KB, 1 OH sessions
[2026-03-17 09:45:01] ✓ Problem 131 (HVAC-Systems-and-Components-16): 14.7 KB, 1 OH sessions
[2026-03-17 09:45:01] ✓ Problem 132 (HVAC-Systems-and-Components-17): 13.3 KB, 0 OH sessions
[2026-03-17 09:45:01] ✓ Problem 133 (HVAC-Systems-and-Components-18): 16.4 KB, 2 OH sessions
[2026-03-17 09:45:02]   Git batch committed: 25 files, dashboard updated at 133/660
[2026-03-17 09:45:02] ✓ Problem 134 (HVAC-Systems-and-Components-19): 16.2 KB, 2 OH sessions
[2026-03-17 09:45:02] ✓ Problem 135 (HVAC-Systems-and-Components-20): 17.9 KB, 4 OH sessions
[2026-03-17 09:45:02] ✓ Problem 136 (HVAC-Systems-and-Components-21): 29.8 KB, 11 OH sessions
[2026-03-17 09:45:02] ✓ Problem 137 (HVAC-Systems-and-Components-22): 17.3 KB, 3 OH sessions
[2026-03-17 09:45:02] ✓ Problem 138 (HVAC-Systems-and-Components-23): 17.4 KB, 3 OH sessions
[2026-03-17 09:45:02] ✓ Problem 139 (HVAC-Systems-and-Components-24): 14.8 KB, 1 OH sessions
[2026-03-17 09:45:02] ✓ Problem 140 (HVAC-Systems-and-Components-25): 33.5 KB, 14 OH sessions
[2026-03-17 09:45:02] ✓ Problem 141 (HVAC-Systems-and-Components-26): 14.2 KB, 1 OH sessions
[2026-03-17 09:45:02] ✓ Problem 142 (HVAC-Systems-and-Components-27): 13.7 KB, 0 OH sessions
[2026-03-17 09:45:02] ✓ Problem 143 (HVAC-Systems-and-Components-28): 19.0 KB, 4 OH sessions
[2026-03-17 09:45:02] ✓ Problem 144 (HVAC-Systems-and-Components-29): 47.6 KB, 1 OH sessions
[2026-03-17 09:45:02] ✓ Problem 145 (HVAC-Supporting-Topics-1): 12.2 KB, 0 OH sessions
[2026-03-17 09:45:02] ✓ Problem 146 (HVAC-Supporting-Topics-2): 9.6 KB, 0 OH sessions
[2026-03-17 09:45:02] ✓ Problem 147 (HVAC-Supporting-Topics-3): 11.5 KB, 0 OH sessions
[2026-03-17 09:45:02] ✓ Problem 148 (HVAC-Supporting-Topics-4): 12.9 KB, 0 OH sessions
[2026-03-17 09:45:02] ✓ Problem 149 (HVAC-Supporting-Topics-5): 11.1 KB, 0 OH sessions
[2026-03-17 09:45:02] ✓ Problem 150 (HVAC-Supporting-Topics-6): 18.2 KB, 4 OH sessions
[2026-03-17 09:45:02] ✓ Problem 151 (HVAC-Supporting-Topics-7): 13.8 KB, 1 OH sessions
[2026-03-17 09:45:02] ✓ Problem 152 (HVAC-Supporting-Topics-8): 14.3 KB, 1 OH sessions
[2026-03-17 09:45:02] ✓ Problem 153 (HVAC-Supporting-Topics-9): 13.0 KB, 0 OH sessions
[2026-03-17 09:45:02] ✓ Problem 154 (HVAC-Supporting-Topics-10): 13.4 KB, 0 OH sessions
[2026-03-17 09:45:02] ✓ Problem 155 (HVAC-Supporting-Topics-11): 14.8 KB, 1 OH sessions
[2026-03-17 09:45:02] ✓ Problem 156 (HVAC-Supporting-Topics-12): 16.1 KB, 2 OH sessions
[2026-03-17 09:45:02] ✓ Problem 157 (HVAC-Supporting-Topics-13): 11.4 KB, 0 OH sessions
[2026-03-17 09:45:02] ✓ Problem 158 (HVAC-Supporting-Topics-14): 21.9 KB, 7 OH sessions
[2026-03-17 09:45:03]   Git batch committed: 25 files, dashboard updated at 158/660
[2026-03-17 09:45:03] Progress Check @ Problem 158:
[2026-03-17 09:45:03]   Completed: 158/660
[2026-03-17 09:45:03]   Success rate: 100.0%
[2026-03-17 09:45:03]   Failed problems: []
[2026-03-17 09:45:03] ✓ Problem 159 (HVAC-Supporting-Topics-15): 14.5 KB, 1 OH sessions
[2026-03-17 09:45:03] ✓ Problem 160 (HVAC-Supporting-Topics-16): 12.7 KB, 0 OH sessions
[2026-03-17 09:45:03] ✓ Problem 161 (HVAC-Supporting-Topics-17): 12.8 KB, 0 OH sessions
[2026-03-17 09:45:03] ✓ Problem 162 (HVAC-Supporting-Topics-18): 13.2 KB, 0 OH sessions
[2026-03-17 09:45:03] ✓ Problem 163 (HVAC-Supporting-Topics-19): 16.1 KB, 2 OH sessions
[2026-03-17 09:45:03] ✓ Problem 164 (HVAC-Supporting-Topics-20): 14.4 KB, 1 OH sessions
[2026-03-17 09:45:03] ✓ Problem 165 (HVAC-Supporting-Topics-21): 16.1 KB, 2 OH sessions
[2026-03-17 09:45:03] ✓ Problem 166 (HVAC-Supporting-Topics-22): 13.1 KB, 0 OH sessions
[2026-03-17 09:45:03] ✓ Problem 167 (HVAC-Supporting-Topics-23): 13.1 KB, 0 OH sessions
[2026-03-17 09:45:03] ✓ Problem 168 (HVAC-Supporting-Topics-24): 13.5 KB, 1 OH sessions
[2026-03-17 09:45:03] ✓ Problem 169 (HVAC-Supporting-Topics-25): 14.1 KB, 1 OH sessions
[2026-03-17 09:45:03] ✓ Problem 170 (HVAC-Supporting-Topics-26): 41.4 KB, 20 OH sessions
[2026-03-17 09:45:03] ✓ Problem 171 (HVAC-Supporting-Topics-27): 52.6 KB, 3 OH sessions
[2026-03-17 09:45:03] ✓ Problem 172 (HVAC-Practice-Exam-1-1): 40.6 KB, 20 OH sessions
[2026-03-17 09:45:03] ✓ Problem 173 (HVAC-Practice-Exam-1-2): 11.0 KB, 0 OH sessions
[2026-03-17 09:45:03] ✓ Problem 174 (HVAC-Practice-Exam-1-3): 11.1 KB, 0 OH sessions
[2026-03-17 09:45:03] ✓ Problem 175 (HVAC-Practice-Exam-1-4): 12.5 KB, 0 OH sessions
[2026-03-17 09:45:03] ✓ Problem 176 (HVAC-Practice-Exam-1-5): 12.8 KB, 0 OH sessions
[2026-03-17 09:45:03] ✓ Problem 177 (HVAC-Practice-Exam-1-6): 12.1 KB, 0 OH sessions
[2026-03-17 09:45:03] ✓ Problem 178 (HVAC-Practice-Exam-1-7): 12.4 KB, 0 OH sessions
[2026-03-17 09:45:03] ✓ Problem 179 (HVAC-Practice-Exam-1-8): 13.2 KB, 0 OH sessions
[2026-03-17 09:45:03] ✓ Problem 180 (HVAC-Practice-Exam-1-9): 11.8 KB, 0 OH sessions
[2026-03-17 09:45:03] ✓ Problem 181 (HVAC-Practice-Exam-1-10): 12.7 KB, 0 OH sessions
[2026-03-17 09:45:03] ✓ Problem 182 (HVAC-Practice-Exam-1-11): 10.5 KB, 0 OH sessions
[2026-03-17 09:45:03] ✓ Problem 183 (HVAC-Practice-Exam-1-12): 13.5 KB, 0 OH sessions
[2026-03-17 09:45:04]   Git batch committed: 25 files, dashboard updated at 183/660
[2026-03-17 09:45:04] ✓ Problem 184 (HVAC-Practice-Exam-1-13): 13.3 KB, 0 OH sessions
[2026-03-17 09:45:04] ✓ Problem 185 (HVAC-Practice-Exam-1-14): 12.8 KB, 0 OH sessions
[2026-03-17 09:45:04] ✓ Problem 186 (HVAC-Practice-Exam-1-15): 14.4 KB, 1 OH sessions
[2026-03-17 09:45:04] ✓ Problem 187 (HVAC-Practice-Exam-1-16): 13.2 KB, 0 OH sessions
[2026-03-17 09:45:04] ✓ Problem 188 (HVAC-Practice-Exam-1-17): 14.5 KB, 1 OH sessions
[2026-03-17 09:45:04] ✓ Problem 189 (HVAC-Practice-Exam-1-18): 12.7 KB, 1 OH sessions
[2026-03-17 09:45:04] ✓ Problem 190 (HVAC-Practice-Exam-1-19): 13.0 KB, 0 OH sessions
[2026-03-17 09:45:04] ✓ Problem 191 (HVAC-Practice-Exam-1-20): 10.8 KB, 0 OH sessions
[2026-03-17 09:45:04] ✓ Problem 192 (HVAC-Practice-Exam-1-21): 10.2 KB, 0 OH sessions
[2026-03-17 09:45:04] ✓ Problem 193 (HVAC-Practice-Exam-1-22): 13.3 KB, 0 OH sessions
[2026-03-17 09:45:04] ✓ Problem 194 (HVAC-Practice-Exam-1-23): 13.4 KB, 0 OH sessions
[2026-03-17 09:45:04] ✓ Problem 195 (HVAC-Practice-Exam-1-24): 12.5 KB, 0 OH sessions
[2026-03-17 09:45:04] ✓ Problem 196 (HVAC-Practice-Exam-1-25): 13.2 KB, 0 OH sessions
[2026-03-17 09:45:04] ✓ Problem 197 (HVAC-Practice-Exam-1-26): 11.4 KB, 0 OH sessions
[2026-03-17 09:45:04] ✓ Problem 198 (HVAC-Practice-Exam-1-27): 12.8 KB, 0 OH sessions
[2026-03-17 09:45:04] ✓ Problem 199 (HVAC-Practice-Exam-1-28): 13.2 KB, 0 OH sessions
[2026-03-17 09:45:04] ✓ Problem 200 (HVAC-Practice-Exam-1-29): 12.8 KB, 0 OH sessions
[2026-03-17 09:45:04] ✓ Problem 201 (HVAC-Practice-Exam-1-30): 12.9 KB, 0 OH sessions
[2026-03-17 09:45:04] ✓ Problem 202 (HVAC-Practice-Exam-1-31): 13.4 KB, 0 OH sessions
[2026-03-17 09:45:04] ✓ Problem 203 (HVAC-Practice-Exam-1-32): 11.8 KB, 0 OH sessions
[2026-03-17 09:45:04] ✓ Problem 204 (HVAC-Practice-Exam-1-33): 12.7 KB, 0 OH sessions
[2026-03-17 09:45:04] ✓ Problem 205 (HVAC-Practice-Exam-1-34): 13.9 KB, 1 OH sessions
[2026-03-17 09:45:04] ✓ Problem 206 (HVAC-Practice-Exam-1-35): 13.4 KB, 0 OH sessions
[2026-03-17 09:45:04] ✓ Problem 207 (HVAC-Practice-Exam-1-36): 13.2 KB, 0 OH sessions
[2026-03-17 09:45:04] ✓ Problem 208 (HVAC-Practice-Exam-1-37): 13.7 KB, 0 OH sessions
[2026-03-17 09:45:05]   Git batch committed: 25 files, dashboard updated at 208/660
[2026-03-17 09:45:05] Progress Check @ Problem 208:
[2026-03-17 09:45:05]   Completed: 208/660
[2026-03-17 09:45:05]   Success rate: 100.0%
[2026-03-17 09:45:05]   Failed problems: []
[2026-03-17 09:45:05] ✓ Problem 209 (HVAC-Practice-Exam-1-38): 13.1 KB, 0 OH sessions
[2026-03-17 09:45:05] ✓ Problem 210 (HVAC-Practice-Exam-1-39): 11.6 KB, 0 OH sessions
[2026-03-17 09:45:05] ✓ Problem 211 (HVAC-Practice-Exam-1-40): 11.2 KB, 0 OH sessions
[2026-03-17 09:45:05] ✓ Problem 212 (HVAC-Practice-Exam-1-41): 12.4 KB, 0 OH sessions
[2026-03-17 09:45:05] ✓ Problem 213 (HVAC-Practice-Exam-1-42): 14.7 KB, 1 OH sessions
[2026-03-17 09:45:05] ✓ Problem 214 (HVAC-Practice-Exam-1-43): 13.1 KB, 0 OH sessions
[2026-03-17 09:45:05] ✓ Problem 215 (HVAC-Practice-Exam-1-44): 12.1 KB, 1 OH sessions
[2026-03-17 09:45:05] ✓ Problem 216 (HVAC-Practice-Exam-1-45): 12.9 KB, 0 OH sessions
[2026-03-17 09:45:05] ✓ Problem 217 (HVAC-Practice-Exam-1-46): 12.5 KB, 0 OH sessions
[2026-03-17 09:45:05] ✓ Problem 218 (HVAC-Practice-Exam-1-47): 12.2 KB, 0 OH sessions
[2026-03-17 09:45:05] ✓ Problem 219 (HVAC-Practice-Exam-1-48): 11.3 KB, 0 OH sessions
[2026-03-17 09:45:05] ✓ Problem 220 (HVAC-Practice-Exam-1-49): 13.5 KB, 1 OH sessions
[2026-03-17 09:45:05] ✓ Problem 221 (HVAC-Practice-Exam-1-50): 12.7 KB, 0 OH sessions
[2026-03-17 09:45:05] ✓ Problem 222 (HVAC-Practice-Exam-1-51): 11.7 KB, 0 OH sessions
[2026-03-17 09:45:05] ✓ Problem 223 (HVAC-Practice-Exam-1-52): 10.6 KB, 0 OH sessions
[2026-03-17 09:45:05] ✓ Problem 224 (HVAC-Practice-Exam-1-53): 11.0 KB, 0 OH sessions
[2026-03-17 09:45:05] ✓ Problem 225 (HVAC-Practice-Exam-1-54): 12.7 KB, 0 OH sessions
[2026-03-17 09:45:05] ✓ Problem 226 (HVAC-Practice-Exam-1-55): 12.7 KB, 1 OH sessions
[2026-03-17 09:45:05] ✓ Problem 227 (HVAC-Practice-Exam-1-56): 13.1 KB, 0 OH sessions
[2026-03-17 09:45:05] ✓ Problem 228 (HVAC-Practice-Exam-1-57): 11.1 KB, 0 OH sessions
[2026-03-17 09:45:05] ✓ Problem 229 (HVAC-Practice-Exam-1-58): 11.1 KB, 0 OH sessions
[2026-03-17 09:45:05] ✓ Problem 230 (HVAC-Practice-Exam-1-59): 13.4 KB, 0 OH sessions
[2026-03-17 09:45:05] ✓ Problem 231 (HVAC-Practice-Exam-1-60): 13.3 KB, 0 OH sessions
[2026-03-17 09:45:05] ✓ Problem 232 (HVAC-Practice-Exam-1-61): 13.0 KB, 0 OH sessions
[2026-03-17 09:45:05] ✓ Problem 233 (HVAC-Practice-Exam-1-62): 12.1 KB, 0 OH sessions
[2026-03-17 09:45:06]   Git batch committed: 25 files, dashboard updated at 233/660
[2026-03-17 09:45:06] ✓ Problem 234 (HVAC-Practice-Exam-1-63): 11.5 KB, 0 OH sessions
[2026-03-17 09:45:06] ✓ Problem 235 (HVAC-Practice-Exam-1-64): 10.5 KB, 1 OH sessions
[2026-03-17 09:45:06] ✓ Problem 236 (HVAC-Practice-Exam-1-65): 13.4 KB, 0 OH sessions
[2026-03-17 09:45:06] ✓ Problem 237 (HVAC-Practice-Exam-1-66): 13.0 KB, 0 OH sessions
[2026-03-17 09:45:06] ✓ Problem 238 (HVAC-Practice-Exam-1-67): 12.4 KB, 0 OH sessions
[2026-03-17 09:45:06] ✓ Problem 239 (HVAC-Practice-Exam-1-68): 12.8 KB, 0 OH sessions
[2026-03-17 09:45:06] ✓ Problem 240 (HVAC-Practice-Exam-1-69): 12.8 KB, 0 OH sessions
[2026-03-17 09:45:06] ✓ Problem 241 (HVAC-Practice-Exam-1-70): 11.0 KB, 0 OH sessions
[2026-03-17 09:45:06] ✓ Problem 242 (HVAC-Practice-Exam-1-71): 12.7 KB, 0 OH sessions
[2026-03-17 09:45:06] ✓ Problem 243 (HVAC-Practice-Exam-1-72): 13.3 KB, 0 OH sessions
[2026-03-17 09:45:06] ✓ Problem 244 (HVAC-Practice-Exam-1-73): 12.4 KB, 0 OH sessions
[2026-03-17 09:45:06] ✓ Problem 245 (HVAC-Practice-Exam-1-74): 14.5 KB, 1 OH sessions
[2026-03-17 09:45:06] ✓ Problem 246 (HVAC-Practice-Exam-1-75): 13.4 KB, 0 OH sessions
[2026-03-17 09:45:06] ✓ Problem 247 (HVAC-Practice-Exam-1-76): 11.6 KB, 0 OH sessions
[2026-03-17 09:45:06] ✓ Problem 248 (HVAC-Practice-Exam-1-77): 13.1 KB, 0 OH sessions
[2026-03-17 09:45:06] ✓ Problem 249 (HVAC-Practice-Exam-1-78): 13.0 KB, 0 OH sessions
[2026-03-17 09:45:06] ✓ Problem 250 (HVAC-Practice-Exam-1-79): 12.2 KB, 0 OH sessions
[2026-03-17 09:45:06] ✓ Problem 251 (HVAC-Practice-Exam-1-80): 18.2 KB, 0 OH sessions
[2026-03-17 09:45:06] ✓ Problem 252 (HVAC-Practice-Exam-2-1): 10.5 KB, 0 OH sessions
[2026-03-17 09:45:06] ✓ Problem 253 (HVAC-Practice-Exam-2-2): 57.3 KB, 32 OH sessions
[2026-03-17 09:45:06] ✓ Problem 254 (HVAC-Practice-Exam-2-3): 12.6 KB, 0 OH sessions
[2026-03-17 09:45:06] ✓ Problem 255 (HVAC-Practice-Exam-2-4): 12.3 KB, 0 OH sessions
[2026-03-17 09:45:06] ✓ Problem 256 (HVAC-Practice-Exam-2-5): 12.4 KB, 0 OH sessions
[2026-03-17 09:45:06] ✓ Problem 257 (HVAC-Practice-Exam-2-6): 13.1 KB, 0 OH sessions
[2026-03-17 09:45:06] ✓ Problem 258 (HVAC-Practice-Exam-2-7): 12.5 KB, 1 OH sessions
[2026-03-17 09:45:07]   Git batch committed: 25 files, dashboard updated at 258/660
[2026-03-17 09:45:07] Progress Check @ Problem 258:
[2026-03-17 09:45:07]   Completed: 258/660
[2026-03-17 09:45:07]   Success rate: 100.0%
[2026-03-17 09:45:07]   Failed problems: []
[2026-03-17 09:45:07] ✓ Problem 259 (HVAC-Practice-Exam-2-8): 13.1 KB, 0 OH sessions
[2026-03-17 09:45:07] ✓ Problem 260 (HVAC-Practice-Exam-2-9): 13.3 KB, 0 OH sessions
[2026-03-17 09:45:07] ✓ Problem 261 (HVAC-Practice-Exam-2-10): 10.0 KB, 0 OH sessions
[2026-03-17 09:45:07] ✓ Problem 262 (HVAC-Practice-Exam-2-11): 12.9 KB, 0 OH sessions
[2026-03-17 09:45:07] ✓ Problem 263 (HVAC-Practice-Exam-2-12): 12.9 KB, 0 OH sessions
[2026-03-17 09:45:07] ✓ Problem 264 (HVAC-Practice-Exam-2-13): 11.6 KB, 0 OH sessions
[2026-03-17 09:45:07] ✓ Problem 265 (HVAC-Practice-Exam-2-14): 9.6 KB, 0 OH sessions
[2026-03-17 09:45:07] ✓ Problem 266 (HVAC-Practice-Exam-2-15): 13.5 KB, 0 OH sessions
[2026-03-17 09:45:07] ✓ Problem 267 (HVAC-Practice-Exam-2-16): 13.2 KB, 0 OH sessions
[2026-03-17 09:45:07] ✓ Problem 268 (HVAC-Practice-Exam-2-17): 11.0 KB, 0 OH sessions
[2026-03-17 09:45:07] ✓ Problem 269 (HVAC-Practice-Exam-2-18): 13.0 KB, 0 OH sessions
[2026-03-17 09:45:07] ✓ Problem 270 (HVAC-Practice-Exam-2-19): 12.5 KB, 0 OH sessions
[2026-03-17 09:45:07] ✓ Problem 271 (HVAC-Practice-Exam-2-20): 14.0 KB, 1 OH sessions
[2026-03-17 09:45:07] ✓ Problem 272 (HVAC-Practice-Exam-2-21): 13.2 KB, 0 OH sessions
[2026-03-17 09:45:07] ✓ Problem 273 (HVAC-Practice-Exam-2-22): 17.0 KB, 3 OH sessions
[2026-03-17 09:45:07] ✓ Problem 274 (HVAC-Practice-Exam-2-23): 12.4 KB, 0 OH sessions
[2026-03-17 09:45:07] ✓ Problem 275 (HVAC-Practice-Exam-2-24): 13.2 KB, 1 OH sessions
[2026-03-17 09:45:07] ✓ Problem 276 (HVAC-Practice-Exam-2-25): 13.6 KB, 1 OH sessions
[2026-03-17 09:45:07] ✓ Problem 277 (HVAC-Practice-Exam-2-26): 14.0 KB, 1 OH sessions
[2026-03-17 09:45:07] ✓ Problem 278 (HVAC-Practice-Exam-2-27): 10.3 KB, 0 OH sessions
[2026-03-17 09:45:07] ✓ Problem 279 (HVAC-Practice-Exam-2-28): 10.5 KB, 0 OH sessions
[2026-03-17 09:45:07] ✓ Problem 280 (HVAC-Practice-Exam-2-29): 12.9 KB, 0 OH sessions
[2026-03-17 09:45:07] ✓ Problem 281 (HVAC-Practice-Exam-2-30): 13.3 KB, 0 OH sessions
[2026-03-17 09:45:07] ✓ Problem 282 (HVAC-Practice-Exam-2-31): 12.7 KB, 0 OH sessions
[2026-03-17 09:45:07] ✓ Problem 283 (HVAC-Practice-Exam-2-32): 12.8 KB, 0 OH sessions
[2026-03-17 09:45:07]   Git error: Command '['git', 'add', 'oh-prep-index-v2.json']' returned non-zero exit status 128.
[2026-03-17 09:45:07]   Git batch committed: 25 files, dashboard updated at 283/660
[2026-03-17 09:45:07] ✓ Problem 284 (HVAC-Practice-Exam-2-33): 11.4 KB, 0 OH sessions
[2026-03-17 09:45:07] ✓ Problem 285 (HVAC-Practice-Exam-2-34): 12.6 KB, 0 OH sessions
[2026-03-17 09:45:07] ✓ Problem 286 (HVAC-Practice-Exam-2-35): 13.1 KB, 0 OH sessions
[2026-03-17 09:45:07] ✓ Problem 287 (HVAC-Practice-Exam-2-36): 13.3 KB, 0 OH sessions
[2026-03-17 09:45:07] ✓ Problem 288 (HVAC-Practice-Exam-2-37): 13.1 KB, 0 OH sessions
[2026-03-17 09:45:07] ✓ Problem 289 (HVAC-Practice-Exam-2-38): 13.3 KB, 0 OH sessions
[2026-03-17 09:45:07] ✓ Problem 290 (HVAC-Practice-Exam-2-39): 14.3 KB, 1 OH sessions
[2026-03-17 09:45:07] ✓ Problem 291 (HVAC-Practice-Exam-2-40): 13.0 KB, 0 OH sessions
[2026-03-17 09:45:07] ✓ Problem 292 (HVAC-Practice-Exam-2-41): 13.5 KB, 0 OH sessions
[2026-03-17 09:45:07] ✓ Problem 293 (HVAC-Practice-Exam-2-42): 13.4 KB, 0 OH sessions
[2026-03-17 09:45:07] ✓ Problem 294 (HVAC-Practice-Exam-2-43): 13.5 KB, 0 OH sessions
[2026-03-17 09:45:07] ✓ Problem 295 (HVAC-Practice-Exam-2-44): 14.3 KB, 1 OH sessions
[2026-03-17 09:45:07] ✓ Problem 296 (HVAC-Practice-Exam-2-45): 13.3 KB, 0 OH sessions
[2026-03-17 09:45:07] ✓ Problem 297 (HVAC-Practice-Exam-2-46): 11.0 KB, 0 OH sessions
[2026-03-17 09:45:07] ✓ Problem 298 (HVAC-Practice-Exam-2-47): 10.4 KB, 0 OH sessions
[2026-03-17 09:45:07] ✓ Problem 299 (HVAC-Practice-Exam-2-48): 12.6 KB, 0 OH sessions
[2026-03-17 09:45:07] ✓ Problem 300 (HVAC-Practice-Exam-2-49): 12.2 KB, 0 OH sessions
[2026-03-17 09:45:07] ✓ Problem 301 (HVAC-Practice-Exam-2-50): 13.0 KB, 0 OH sessions
[2026-03-17 09:45:07] ✓ Problem 302 (HVAC-Practice-Exam-2-51): 11.4 KB, 0 OH sessions
[2026-03-17 09:45:07] ✓ Problem 303 (HVAC-Practice-Exam-2-52): 14.4 KB, 1 OH sessions
[2026-03-17 09:45:07] ✓ Problem 304 (HVAC-Practice-Exam-2-53): 11.5 KB, 0 OH sessions
[2026-03-17 09:45:07] ✓ Problem 305 (HVAC-Practice-Exam-2-54): 12.6 KB, 0 OH sessions
[2026-03-17 09:45:07] ✓ Problem 306 (HVAC-Practice-Exam-2-55): 12.4 KB, 0 OH sessions
[2026-03-17 09:45:07] ✓ Problem 307 (HVAC-Practice-Exam-2-56): 10.9 KB, 0 OH sessions
[2026-03-17 09:45:07] ✓ Problem 308 (HVAC-Practice-Exam-2-57): 13.3 KB, 0 OH sessions
[2026-03-17 09:45:08]   Git push warning: To https://github.com/molodious/mpep-dashboard.git
 ! [remote rejected]   main -> main (cannot lock ref 'refs/heads/main': is at 1727b3a88c87b002291ec25e62b8c6c2111aa07c but expected 5a7bf747dc309da49
[2026-03-17 09:45:08]   Git batch committed: 25 files, dashboard updated at 308/660
[2026-03-17 09:45:08] Progress Check @ Problem 308:
[2026-03-17 09:45:08]   Completed: 308/660
[2026-03-17 09:45:08]   Success rate: 100.0%
[2026-03-17 09:45:08]   Failed problems: []
[2026-03-17 09:45:08] ✓ Problem 309 (HVAC-Practice-Exam-2-58): 11.0 KB, 0 OH sessions
[2026-03-17 09:45:08] ✓ Problem 310 (HVAC-Practice-Exam-2-59): 10.6 KB, 0 OH sessions
[2026-03-17 09:45:08] ✓ Problem 311 (HVAC-Practice-Exam-2-60): 12.4 KB, 0 OH sessions
[2026-03-17 09:45:08] ✓ Problem 312 (HVAC-Practice-Exam-2-61): 12.6 KB, 0 OH sessions
[2026-03-17 09:45:08] ✓ Problem 313 (HVAC-Practice-Exam-2-62): 11.7 KB, 0 OH sessions
[2026-03-17 09:45:08] ✓ Problem 314 (HVAC-Practice-Exam-2-63): 12.9 KB, 0 OH sessions
[2026-03-17 09:45:08] ✓ Problem 315 (HVAC-Practice-Exam-2-64): 12.8 KB, 0 OH sessions
[2026-03-17 09:45:08] ✓ Problem 316 (HVAC-Practice-Exam-2-65): 13.7 KB, 0 OH sessions
[2026-03-17 09:45:08] ✓ Problem 317 (HVAC-Practice-Exam-2-66): 13.2 KB, 0 OH sessions
[2026-03-17 09:45:08] ✓ Problem 318 (HVAC-Practice-Exam-2-67): 14.7 KB, 1 OH sessions
[2026-03-17 09:45:08] ✓ Problem 319 (HVAC-Practice-Exam-2-68): 13.0 KB, 0 OH sessions
[2026-03-17 09:45:08] ✓ Problem 320 (HVAC-Practice-Exam-2-69): 13.1 KB, 0 OH sessions
[2026-03-17 09:45:08] ✓ Problem 321 (HVAC-Practice-Exam-2-70): 12.6 KB, 0 OH sessions
[2026-03-17 09:45:08] ✓ Problem 322 (HVAC-Practice-Exam-2-71): 11.3 KB, 0 OH sessions
[2026-03-17 09:45:08] ✓ Problem 323 (HVAC-Practice-Exam-2-72): 11.9 KB, 0 OH sessions
[2026-03-17 09:45:08] ✓ Problem 324 (HVAC-Practice-Exam-2-73): 12.7 KB, 1 OH sessions
[2026-03-17 09:45:08] ✓ Problem 325 (HVAC-Practice-Exam-2-74): 13.1 KB, 0 OH sessions
[2026-03-17 09:45:08] ✓ Problem 326 (HVAC-Practice-Exam-2-75): 14.6 KB, 1 OH sessions
[2026-03-17 09:45:08] ✓ Problem 327 (HVAC-Practice-Exam-2-76): 12.9 KB, 0 OH sessions
[2026-03-17 09:45:08] ✓ Problem 328 (HVAC-Practice-Exam-2-77): 13.0 KB, 0 OH sessions
[2026-03-17 09:45:08] ✓ Problem 329 (HVAC-Practice-Exam-2-78): 14.8 KB, 1 OH sessions
[2026-03-17 09:45:08] ✓ Problem 330 (HVAC-Practice-Exam-2-79): 13.3 KB, 0 OH sessions
[2026-03-17 09:45:08] ✓ Problem 331 (HVAC-Practice-Exam-2-80): 13.0 KB, 0 OH sessions
[2026-03-17 09:45:08] ✓ Problem 332 (TFS-Thermodynamics-1): 16.0 KB, 2 OH sessions
[2026-03-17 09:45:08] ✓ Problem 333 (TFS-Thermodynamics-2): 17.6 KB, 3 OH sessions
